
Merging program properties


As-needed library included to satisfy reference by file (symbol)

libc.so.6                     /home/brayan/com_bebop_ws/src/ros2_parrot_arsdk/build/parrot_arsdk/out/arsdk-native/build/libARSAL/obj/Sources/ARSAL_Socket.c.o (writev@@GLIBC_2.2.5)

Discarded input sections

 .text          0x0000000000000000        0x0 /usr/lib/gcc/x86_64-linux-gnu/13/../../../x86_64-linux-gnu/crti.o
 .data          0x0000000000000000        0x0 /usr/lib/gcc/x86_64-linux-gnu/13/../../../x86_64-linux-gnu/crti.o
 .bss           0x0000000000000000        0x0 /usr/lib/gcc/x86_64-linux-gnu/13/../../../x86_64-linux-gnu/crti.o
 .note.GNU-stack
                0x0000000000000000        0x0 /usr/lib/gcc/x86_64-linux-gnu/13/../../../x86_64-linux-gnu/crti.o
 .data          0x0000000000000000        0x0 /usr/lib/gcc/x86_64-linux-gnu/13/crtbeginS.o
 .note.GNU-stack
                0x0000000000000000        0x0 /usr/lib/gcc/x86_64-linux-gnu/13/crtbeginS.o
 .note.gnu.property
                0x0000000000000000       0x20 /usr/lib/gcc/x86_64-linux-gnu/13/crtbeginS.o
 .text          0x0000000000000000        0x0 /home/brayan/com_bebop_ws/src/ros2_parrot_arsdk/build/parrot_arsdk/out/arsdk-native/build/libARSAL/obj/Sources/ARSAL_Ftw.c.o
 .data          0x0000000000000000        0x0 /home/brayan/com_bebop_ws/src/ros2_parrot_arsdk/build/parrot_arsdk/out/arsdk-native/build/libARSAL/obj/Sources/ARSAL_Ftw.c.o
 .bss           0x0000000000000000        0x0 /home/brayan/com_bebop_ws/src/ros2_parrot_arsdk/build/parrot_arsdk/out/arsdk-native/build/libARSAL/obj/Sources/ARSAL_Ftw.c.o
 .note.GNU-stack
                0x0000000000000000        0x0 /home/brayan/com_bebop_ws/src/ros2_parrot_arsdk/build/parrot_arsdk/out/arsdk-native/build/libARSAL/obj/Sources/ARSAL_Ftw.c.o
 .note.gnu.property
                0x0000000000000000       0x20 /home/brayan/com_bebop_ws/src/ros2_parrot_arsdk/build/parrot_arsdk/out/arsdk-native/build/libARSAL/obj/Sources/ARSAL_Ftw.c.o
 .text          0x0000000000000000        0x0 /home/brayan/com_bebop_ws/src/ros2_parrot_arsdk/build/parrot_arsdk/out/arsdk-native/build/libARSAL/obj/Sources/ARSAL_MD5.c.o
 .data          0x0000000000000000        0x0 /home/brayan/com_bebop_ws/src/ros2_parrot_arsdk/build/parrot_arsdk/out/arsdk-native/build/libARSAL/obj/Sources/ARSAL_MD5.c.o
 .bss           0x0000000000000000        0x0 /home/brayan/com_bebop_ws/src/ros2_parrot_arsdk/build/parrot_arsdk/out/arsdk-native/build/libARSAL/obj/Sources/ARSAL_MD5.c.o
 .note.GNU-stack
                0x0000000000000000        0x0 /home/brayan/com_bebop_ws/src/ros2_parrot_arsdk/build/parrot_arsdk/out/arsdk-native/build/libARSAL/obj/Sources/ARSAL_MD5.c.o
 .note.gnu.property
                0x0000000000000000       0x20 /home/brayan/com_bebop_ws/src/ros2_parrot_arsdk/build/parrot_arsdk/out/arsdk-native/build/libARSAL/obj/Sources/ARSAL_MD5.c.o
 .text          0x0000000000000000        0x0 /home/brayan/com_bebop_ws/src/ros2_parrot_arsdk/build/parrot_arsdk/out/arsdk-native/build/libARSAL/obj/Sources/ARSAL_MD5_Manager.c.o
 .data          0x0000000000000000        0x0 /home/brayan/com_bebop_ws/src/ros2_parrot_arsdk/build/parrot_arsdk/out/arsdk-native/build/libARSAL/obj/Sources/ARSAL_MD5_Manager.c.o
 .bss           0x0000000000000000        0x0 /home/brayan/com_bebop_ws/src/ros2_parrot_arsdk/build/parrot_arsdk/out/arsdk-native/build/libARSAL/obj/Sources/ARSAL_MD5_Manager.c.o
 .note.GNU-stack
                0x0000000000000000        0x0 /home/brayan/com_bebop_ws/src/ros2_parrot_arsdk/build/parrot_arsdk/out/arsdk-native/build/libARSAL/obj/Sources/ARSAL_MD5_Manager.c.o
 .note.gnu.property
                0x0000000000000000       0x20 /home/brayan/com_bebop_ws/src/ros2_parrot_arsdk/build/parrot_arsdk/out/arsdk-native/build/libARSAL/obj/Sources/ARSAL_MD5_Manager.c.o
 .text          0x0000000000000000        0x0 /home/brayan/com_bebop_ws/src/ros2_parrot_arsdk/build/parrot_arsdk/out/arsdk-native/build/libARSAL/obj/Sources/ARSAL_Mutex.c.o
 .data          0x0000000000000000        0x0 /home/brayan/com_bebop_ws/src/ros2_parrot_arsdk/build/parrot_arsdk/out/arsdk-native/build/libARSAL/obj/Sources/ARSAL_Mutex.c.o
 .bss           0x0000000000000000        0x0 /home/brayan/com_bebop_ws/src/ros2_parrot_arsdk/build/parrot_arsdk/out/arsdk-native/build/libARSAL/obj/Sources/ARSAL_Mutex.c.o
 .note.GNU-stack
                0x0000000000000000        0x0 /home/brayan/com_bebop_ws/src/ros2_parrot_arsdk/build/parrot_arsdk/out/arsdk-native/build/libARSAL/obj/Sources/ARSAL_Mutex.c.o
 .note.gnu.property
                0x0000000000000000       0x20 /home/brayan/com_bebop_ws/src/ros2_parrot_arsdk/build/parrot_arsdk/out/arsdk-native/build/libARSAL/obj/Sources/ARSAL_Mutex.c.o
 .text          0x0000000000000000        0x0 /home/brayan/com_bebop_ws/src/ros2_parrot_arsdk/build/parrot_arsdk/out/arsdk-native/build/libARSAL/obj/Sources/ARSAL_Print.c.o
 .note.GNU-stack
                0x0000000000000000        0x0 /home/brayan/com_bebop_ws/src/ros2_parrot_arsdk/build/parrot_arsdk/out/arsdk-native/build/libARSAL/obj/Sources/ARSAL_Print.c.o
 .note.gnu.property
                0x0000000000000000       0x20 /home/brayan/com_bebop_ws/src/ros2_parrot_arsdk/build/parrot_arsdk/out/arsdk-native/build/libARSAL/obj/Sources/ARSAL_Print.c.o
 .text          0x0000000000000000        0x0 /home/brayan/com_bebop_ws/src/ros2_parrot_arsdk/build/parrot_arsdk/out/arsdk-native/build/libARSAL/obj/Sources/ARSAL_Sem.c.o
 .data          0x0000000000000000        0x0 /home/brayan/com_bebop_ws/src/ros2_parrot_arsdk/build/parrot_arsdk/out/arsdk-native/build/libARSAL/obj/Sources/ARSAL_Sem.c.o
 .bss           0x0000000000000000        0x0 /home/brayan/com_bebop_ws/src/ros2_parrot_arsdk/build/parrot_arsdk/out/arsdk-native/build/libARSAL/obj/Sources/ARSAL_Sem.c.o
 .note.GNU-stack
                0x0000000000000000        0x0 /home/brayan/com_bebop_ws/src/ros2_parrot_arsdk/build/parrot_arsdk/out/arsdk-native/build/libARSAL/obj/Sources/ARSAL_Sem.c.o
 .note.gnu.property
                0x0000000000000000       0x20 /home/brayan/com_bebop_ws/src/ros2_parrot_arsdk/build/parrot_arsdk/out/arsdk-native/build/libARSAL/obj/Sources/ARSAL_Sem.c.o
 .text          0x0000000000000000        0x0 /home/brayan/com_bebop_ws/src/ros2_parrot_arsdk/build/parrot_arsdk/out/arsdk-native/build/libARSAL/obj/Sources/ARSAL_Socket.c.o
 .data          0x0000000000000000        0x0 /home/brayan/com_bebop_ws/src/ros2_parrot_arsdk/build/parrot_arsdk/out/arsdk-native/build/libARSAL/obj/Sources/ARSAL_Socket.c.o
 .bss           0x0000000000000000        0x0 /home/brayan/com_bebop_ws/src/ros2_parrot_arsdk/build/parrot_arsdk/out/arsdk-native/build/libARSAL/obj/Sources/ARSAL_Socket.c.o
 .note.GNU-stack
                0x0000000000000000        0x0 /home/brayan/com_bebop_ws/src/ros2_parrot_arsdk/build/parrot_arsdk/out/arsdk-native/build/libARSAL/obj/Sources/ARSAL_Socket.c.o
 .note.gnu.property
                0x0000000000000000       0x20 /home/brayan/com_bebop_ws/src/ros2_parrot_arsdk/build/parrot_arsdk/out/arsdk-native/build/libARSAL/obj/Sources/ARSAL_Socket.c.o
 .text          0x0000000000000000        0x0 /home/brayan/com_bebop_ws/src/ros2_parrot_arsdk/build/parrot_arsdk/out/arsdk-native/build/libARSAL/obj/Sources/ARSAL_Time.c.o
 .data          0x0000000000000000        0x0 /home/brayan/com_bebop_ws/src/ros2_parrot_arsdk/build/parrot_arsdk/out/arsdk-native/build/libARSAL/obj/Sources/ARSAL_Time.c.o
 .bss           0x0000000000000000        0x0 /home/brayan/com_bebop_ws/src/ros2_parrot_arsdk/build/parrot_arsdk/out/arsdk-native/build/libARSAL/obj/Sources/ARSAL_Time.c.o
 .note.GNU-stack
                0x0000000000000000        0x0 /home/brayan/com_bebop_ws/src/ros2_parrot_arsdk/build/parrot_arsdk/out/arsdk-native/build/libARSAL/obj/Sources/ARSAL_Time.c.o
 .note.gnu.property
                0x0000000000000000       0x20 /home/brayan/com_bebop_ws/src/ros2_parrot_arsdk/build/parrot_arsdk/out/arsdk-native/build/libARSAL/obj/Sources/ARSAL_Time.c.o
 .text          0x0000000000000000        0x0 /home/brayan/com_bebop_ws/src/ros2_parrot_arsdk/build/parrot_arsdk/out/arsdk-native/build/libARSAL/obj/Sources/ARSAL_Thread.c.o
 .data          0x0000000000000000        0x0 /home/brayan/com_bebop_ws/src/ros2_parrot_arsdk/build/parrot_arsdk/out/arsdk-native/build/libARSAL/obj/Sources/ARSAL_Thread.c.o
 .bss           0x0000000000000000        0x0 /home/brayan/com_bebop_ws/src/ros2_parrot_arsdk/build/parrot_arsdk/out/arsdk-native/build/libARSAL/obj/Sources/ARSAL_Thread.c.o
 .note.GNU-stack
                0x0000000000000000        0x0 /home/brayan/com_bebop_ws/src/ros2_parrot_arsdk/build/parrot_arsdk/out/arsdk-native/build/libARSAL/obj/Sources/ARSAL_Thread.c.o
 .note.gnu.property
                0x0000000000000000       0x20 /home/brayan/com_bebop_ws/src/ros2_parrot_arsdk/build/parrot_arsdk/out/arsdk-native/build/libARSAL/obj/Sources/ARSAL_Thread.c.o
 .text          0x0000000000000000        0x0 /home/brayan/com_bebop_ws/src/ros2_parrot_arsdk/build/parrot_arsdk/out/arsdk-native/build/libARSAL/obj/Sources/md5.c.o
 .data          0x0000000000000000        0x0 /home/brayan/com_bebop_ws/src/ros2_parrot_arsdk/build/parrot_arsdk/out/arsdk-native/build/libARSAL/obj/Sources/md5.c.o
 .bss           0x0000000000000000        0x0 /home/brayan/com_bebop_ws/src/ros2_parrot_arsdk/build/parrot_arsdk/out/arsdk-native/build/libARSAL/obj/Sources/md5.c.o
 .note.GNU-stack
                0x0000000000000000        0x0 /home/brayan/com_bebop_ws/src/ros2_parrot_arsdk/build/parrot_arsdk/out/arsdk-native/build/libARSAL/obj/Sources/md5.c.o
 .note.gnu.property
                0x0000000000000000       0x20 /home/brayan/com_bebop_ws/src/ros2_parrot_arsdk/build/parrot_arsdk/out/arsdk-native/build/libARSAL/obj/Sources/md5.c.o
 .text          0x0000000000000000        0x0 /home/brayan/com_bebop_ws/src/ros2_parrot_arsdk/build/parrot_arsdk/out/arsdk-native/build/libARSAL/obj/gen/Sources/ARSAL_Error.c.o
 .data          0x0000000000000000        0x0 /home/brayan/com_bebop_ws/src/ros2_parrot_arsdk/build/parrot_arsdk/out/arsdk-native/build/libARSAL/obj/gen/Sources/ARSAL_Error.c.o
 .bss           0x0000000000000000        0x0 /home/brayan/com_bebop_ws/src/ros2_parrot_arsdk/build/parrot_arsdk/out/arsdk-native/build/libARSAL/obj/gen/Sources/ARSAL_Error.c.o
 .note.GNU-stack
                0x0000000000000000        0x0 /home/brayan/com_bebop_ws/src/ros2_parrot_arsdk/build/parrot_arsdk/out/arsdk-native/build/libARSAL/obj/gen/Sources/ARSAL_Error.c.o
 .note.gnu.property
                0x0000000000000000       0x20 /home/brayan/com_bebop_ws/src/ros2_parrot_arsdk/build/parrot_arsdk/out/arsdk-native/build/libARSAL/obj/gen/Sources/ARSAL_Error.c.o
 .text          0x0000000000000000        0x0 /usr/lib/gcc/x86_64-linux-gnu/13/crtendS.o
 .data          0x0000000000000000        0x0 /usr/lib/gcc/x86_64-linux-gnu/13/crtendS.o
 .bss           0x0000000000000000        0x0 /usr/lib/gcc/x86_64-linux-gnu/13/crtendS.o
 .note.GNU-stack
                0x0000000000000000        0x0 /usr/lib/gcc/x86_64-linux-gnu/13/crtendS.o
 .note.gnu.property
                0x0000000000000000       0x20 /usr/lib/gcc/x86_64-linux-gnu/13/crtendS.o
 .text          0x0000000000000000        0x0 /usr/lib/gcc/x86_64-linux-gnu/13/../../../x86_64-linux-gnu/crtn.o
 .data          0x0000000000000000        0x0 /usr/lib/gcc/x86_64-linux-gnu/13/../../../x86_64-linux-gnu/crtn.o
 .bss           0x0000000000000000        0x0 /usr/lib/gcc/x86_64-linux-gnu/13/../../../x86_64-linux-gnu/crtn.o
 .note.gnu.property
                0x0000000000000000       0x20 /usr/lib/gcc/x86_64-linux-gnu/13/../../../x86_64-linux-gnu/crtn.o
 .note.GNU-stack
                0x0000000000000000        0x0 /usr/lib/gcc/x86_64-linux-gnu/13/../../../x86_64-linux-gnu/crtn.o

Memory Configuration

Name             Origin             Length             Attributes
*default*        0x0000000000000000 0xffffffffffffffff

Linker script and memory map

LOAD /usr/lib/gcc/x86_64-linux-gnu/13/../../../x86_64-linux-gnu/crti.o
LOAD /usr/lib/gcc/x86_64-linux-gnu/13/crtbeginS.o
LOAD /home/brayan/com_bebop_ws/src/ros2_parrot_arsdk/build/parrot_arsdk/out/arsdk-native/build/libARSAL/obj/Sources/ARSAL_Ftw.c.o
LOAD /home/brayan/com_bebop_ws/src/ros2_parrot_arsdk/build/parrot_arsdk/out/arsdk-native/build/libARSAL/obj/Sources/ARSAL_MD5.c.o
LOAD /home/brayan/com_bebop_ws/src/ros2_parrot_arsdk/build/parrot_arsdk/out/arsdk-native/build/libARSAL/obj/Sources/ARSAL_MD5_Manager.c.o
LOAD /home/brayan/com_bebop_ws/src/ros2_parrot_arsdk/build/parrot_arsdk/out/arsdk-native/build/libARSAL/obj/Sources/ARSAL_Mutex.c.o
LOAD /home/brayan/com_bebop_ws/src/ros2_parrot_arsdk/build/parrot_arsdk/out/arsdk-native/build/libARSAL/obj/Sources/ARSAL_Print.c.o
LOAD /home/brayan/com_bebop_ws/src/ros2_parrot_arsdk/build/parrot_arsdk/out/arsdk-native/build/libARSAL/obj/Sources/ARSAL_Sem.c.o
LOAD /home/brayan/com_bebop_ws/src/ros2_parrot_arsdk/build/parrot_arsdk/out/arsdk-native/build/libARSAL/obj/Sources/ARSAL_Socket.c.o
LOAD /home/brayan/com_bebop_ws/src/ros2_parrot_arsdk/build/parrot_arsdk/out/arsdk-native/build/libARSAL/obj/Sources/ARSAL_Time.c.o
LOAD /home/brayan/com_bebop_ws/src/ros2_parrot_arsdk/build/parrot_arsdk/out/arsdk-native/build/libARSAL/obj/Sources/ARSAL_Thread.c.o
LOAD /home/brayan/com_bebop_ws/src/ros2_parrot_arsdk/build/parrot_arsdk/out/arsdk-native/build/libARSAL/obj/Sources/md5.c.o
LOAD /home/brayan/com_bebop_ws/src/ros2_parrot_arsdk/build/parrot_arsdk/out/arsdk-native/build/libARSAL/obj/gen/Sources/ARSAL_Error.c.o
LOAD /usr/lib/gcc/x86_64-linux-gnu/13/../../../x86_64-linux-gnu/librt.a
LOAD /usr/lib/gcc/x86_64-linux-gnu/13/libstdc++.so
LOAD /usr/lib/gcc/x86_64-linux-gnu/13/../../../x86_64-linux-gnu/libm.so
START GROUP
LOAD /lib/x86_64-linux-gnu/libm.so.6
LOAD /lib/x86_64-linux-gnu/libmvec.so.1
END GROUP
LOAD /usr/lib/gcc/x86_64-linux-gnu/13/libgcc_s.so
START GROUP
LOAD /usr/lib/gcc/x86_64-linux-gnu/13/../../../x86_64-linux-gnu/libgcc_s.so.1
LOAD /usr/lib/gcc/x86_64-linux-gnu/13/libgcc.a
END GROUP
LOAD /usr/lib/gcc/x86_64-linux-gnu/13/../../../x86_64-linux-gnu/libpthread.a
LOAD /usr/lib/gcc/x86_64-linux-gnu/13/../../../x86_64-linux-gnu/libc.so
START GROUP
LOAD /lib/x86_64-linux-gnu/libc.so.6
LOAD /usr/lib/x86_64-linux-gnu/libc_nonshared.a
LOAD /lib64/ld-linux-x86-64.so.2
END GROUP
LOAD /usr/lib/gcc/x86_64-linux-gnu/13/libgcc_s.so
START GROUP
LOAD /usr/lib/gcc/x86_64-linux-gnu/13/../../../x86_64-linux-gnu/libgcc_s.so.1
LOAD /usr/lib/gcc/x86_64-linux-gnu/13/libgcc.a
END GROUP
LOAD /usr/lib/gcc/x86_64-linux-gnu/13/crtendS.o
LOAD /usr/lib/gcc/x86_64-linux-gnu/13/../../../x86_64-linux-gnu/crtn.o
                0x00000000000002a8                . = (SEGMENT_START ("text-segment", 0x0) + SIZEOF_HEADERS)

.note.gnu.property
                0x00000000000002a8       0x20
 .note.gnu.property
                0x00000000000002a8       0x20 /usr/lib/gcc/x86_64-linux-gnu/13/../../../x86_64-linux-gnu/crti.o

.note.gnu.build-id
                0x00000000000002c8       0x24
 *(.note.gnu.build-id)
 .note.gnu.build-id
                0x00000000000002c8       0x24 /usr/lib/gcc/x86_64-linux-gnu/13/../../../x86_64-linux-gnu/crti.o

.hash
 *(.hash)

.gnu.hash       0x00000000000002f0      0x1e8
 *(.gnu.hash)
 .gnu.hash      0x00000000000002f0      0x1e8 /usr/lib/gcc/x86_64-linux-gnu/13/../../../x86_64-linux-gnu/crti.o

.dynsym         0x00000000000004d8      0xca8
 *(.dynsym)
 .dynsym        0x00000000000004d8      0xca8 /usr/lib/gcc/x86_64-linux-gnu/13/../../../x86_64-linux-gnu/crti.o

.dynstr         0x0000000000001180      0x8de
 *(.dynstr)
 .dynstr        0x0000000000001180      0x8de /usr/lib/gcc/x86_64-linux-gnu/13/../../../x86_64-linux-gnu/crti.o

.gnu.version    0x0000000000001a5e      0x10e
 *(.gnu.version)
 .gnu.version   0x0000000000001a5e      0x10e /usr/lib/gcc/x86_64-linux-gnu/13/../../../x86_64-linux-gnu/crti.o

.gnu.version_d  0x0000000000001b70        0x0
 *(.gnu.version_d)
 .gnu.version_d
                0x0000000000001b70        0x0 /usr/lib/gcc/x86_64-linux-gnu/13/../../../x86_64-linux-gnu/crti.o

.gnu.version_r  0x0000000000001b70       0x90
 *(.gnu.version_r)
 .gnu.version_r
                0x0000000000001b70       0x90 /usr/lib/gcc/x86_64-linux-gnu/13/../../../x86_64-linux-gnu/crti.o

.rela.dyn       0x0000000000001c00      0x198
 *(.rela.init)
 *(.rela.text .rela.text.* .rela.gnu.linkonce.t.*)
 .rela.text     0x0000000000001c00        0x0 /usr/lib/gcc/x86_64-linux-gnu/13/../../../x86_64-linux-gnu/crti.o
 *(.rela.fini)
 *(.rela.rodata .rela.rodata.* .rela.gnu.linkonce.r.*)
 *(.rela.data .rela.data.* .rela.gnu.linkonce.d.*)
 .rela.data.rel.local
                0x0000000000001c00       0x18 /usr/lib/gcc/x86_64-linux-gnu/13/../../../x86_64-linux-gnu/crti.o
 .rela.data.rel.ro.local
                0x0000000000001c18       0x90 /usr/lib/gcc/x86_64-linux-gnu/13/../../../x86_64-linux-gnu/crti.o
 *(.rela.tdata .rela.tdata.* .rela.gnu.linkonce.td.*)
 *(.rela.tbss .rela.tbss.* .rela.gnu.linkonce.tb.*)
 *(.rela.ctors)
 *(.rela.dtors)
 *(.rela.got)
 .rela.got      0x0000000000001ca8       0xc0 /usr/lib/gcc/x86_64-linux-gnu/13/../../../x86_64-linux-gnu/crti.o
 *(.rela.bss .rela.bss.* .rela.gnu.linkonce.b.*)
 *(.rela.ldata .rela.ldata.* .rela.gnu.linkonce.l.*)
 *(.rela.lbss .rela.lbss.* .rela.gnu.linkonce.lb.*)
 *(.rela.lrodata .rela.lrodata.* .rela.gnu.linkonce.lr.*)
 *(.rela.ifunc)
 .rela.ifunc    0x0000000000001d68        0x0 /usr/lib/gcc/x86_64-linux-gnu/13/../../../x86_64-linux-gnu/crti.o
 .rela.fini_array
                0x0000000000001d68       0x18 /usr/lib/gcc/x86_64-linux-gnu/13/../../../x86_64-linux-gnu/crti.o
 .rela.init_array
                0x0000000000001d80       0x18 /usr/lib/gcc/x86_64-linux-gnu/13/../../../x86_64-linux-gnu/crti.o

.rela.plt       0x0000000000001d98      0x6a8
 *(.rela.plt)
 .rela.plt      0x0000000000001d98      0x6a8 /usr/lib/gcc/x86_64-linux-gnu/13/../../../x86_64-linux-gnu/crti.o
 *(.rela.iplt)

.relr.dyn
 *(.relr.dyn)
                0x0000000000003000                . = ALIGN (CONSTANT (MAXPAGESIZE))

.init           0x0000000000003000       0x1b
 *(SORT_NONE(.init))
 .init          0x0000000000003000       0x16 /usr/lib/gcc/x86_64-linux-gnu/13/../../../x86_64-linux-gnu/crti.o
                0x0000000000003000                _init
 .init          0x0000000000003016        0x5 /usr/lib/gcc/x86_64-linux-gnu/13/../../../x86_64-linux-gnu/crtn.o

.plt            0x0000000000003020      0x480
 *(.plt)
 .plt           0x0000000000003020      0x480 /usr/lib/gcc/x86_64-linux-gnu/13/../../../x86_64-linux-gnu/crti.o
 *(.iplt)

.plt.got        0x00000000000034a0       0x20
 *(.plt.got)
 .plt.got       0x00000000000034a0       0x20 /usr/lib/gcc/x86_64-linux-gnu/13/../../../x86_64-linux-gnu/crti.o

.plt.sec        0x00000000000034c0      0x470
 *(.plt.sec)
 .plt.sec       0x00000000000034c0      0x470 /usr/lib/gcc/x86_64-linux-gnu/13/../../../x86_64-linux-gnu/crti.o

.text           0x0000000000003930     0x2740
 *(.text.unlikely .text.*_unlikely .text.unlikely.*)
 *(.text.exit .text.exit.*)
 *(.text.startup .text.startup.*)
 *(.text.hot .text.hot.*)
 *(SORT_BY_NAME(.text.sorted.*))
 *(.text .stub .text.* .gnu.linkonce.t.*)
 .text          0x0000000000003930       0xb9 /usr/lib/gcc/x86_64-linux-gnu/13/crtbeginS.o
 *fill*         0x00000000000039e9        0x7 
 .text.ARSAL_Ftw
                0x00000000000039f0        0x9 /home/brayan/com_bebop_ws/src/ros2_parrot_arsdk/build/parrot_arsdk/out/arsdk-native/build/libARSAL/obj/Sources/ARSAL_Ftw.c.o
                0x00000000000039f0                ARSAL_Ftw
 *fill*         0x00000000000039f9        0x7 
 .text.ARSAL_Nftw
                0x0000000000003a00        0x9 /home/brayan/com_bebop_ws/src/ros2_parrot_arsdk/build/parrot_arsdk/out/arsdk-native/build/libARSAL/obj/Sources/ARSAL_Ftw.c.o
                0x0000000000003a00                ARSAL_Nftw
 *fill*         0x0000000000003a09        0x7 
 .text.ARSAL_MD5_Compute
                0x0000000000003a10      0x111 /home/brayan/com_bebop_ws/src/ros2_parrot_arsdk/build/parrot_arsdk/out/arsdk-native/build/libARSAL/obj/Sources/ARSAL_MD5.c.o
                0x0000000000003a10                ARSAL_MD5_Compute
 *fill*         0x0000000000003b21        0xf 
 .text.ARSAL_MD5_Manager_Init
                0x0000000000003b30       0x68 /home/brayan/com_bebop_ws/src/ros2_parrot_arsdk/build/parrot_arsdk/out/arsdk-native/build/libARSAL/obj/Sources/ARSAL_MD5.c.o
                0x0000000000003b30                ARSAL_MD5_Manager_Init
 *fill*         0x0000000000003b98        0x8 
 .text.ARSAL_MD5_Manager_Close
                0x0000000000003ba0       0x31 /home/brayan/com_bebop_ws/src/ros2_parrot_arsdk/build/parrot_arsdk/out/arsdk-native/build/libARSAL/obj/Sources/ARSAL_MD5.c.o
                0x0000000000003ba0                ARSAL_MD5_Manager_Close
 *fill*         0x0000000000003bd1        0xf 
 .text.ARSAL_MD5_GetMd5AsTxt
                0x0000000000003be0       0x80 /home/brayan/com_bebop_ws/src/ros2_parrot_arsdk/build/parrot_arsdk/out/arsdk-native/build/libARSAL/obj/Sources/ARSAL_MD5.c.o
                0x0000000000003be0                ARSAL_MD5_GetMd5AsTxt
 .text.ARSAL_MD5_Check
                0x0000000000003c60       0xdc /home/brayan/com_bebop_ws/src/ros2_parrot_arsdk/build/parrot_arsdk/out/arsdk-native/build/libARSAL/obj/Sources/ARSAL_MD5.c.o
                0x0000000000003c60                ARSAL_MD5_Check
 *fill*         0x0000000000003d3c        0x4 
 .text.ARSAL_MD5_Manager_New
                0x0000000000003d40       0x54 /home/brayan/com_bebop_ws/src/ros2_parrot_arsdk/build/parrot_arsdk/out/arsdk-native/build/libARSAL/obj/Sources/ARSAL_MD5_Manager.c.o
                0x0000000000003d40                ARSAL_MD5_Manager_New
 *fill*         0x0000000000003d94        0xc 
 .text.ARSAL_MD5_Manager_Delete
                0x0000000000003da0       0x50 /home/brayan/com_bebop_ws/src/ros2_parrot_arsdk/build/parrot_arsdk/out/arsdk-native/build/libARSAL/obj/Sources/ARSAL_MD5_Manager.c.o
                0x0000000000003da0                ARSAL_MD5_Manager_Delete
 .text.ARSAL_MD5_Manager_Check
                0x0000000000003df0       0x26 /home/brayan/com_bebop_ws/src/ros2_parrot_arsdk/build/parrot_arsdk/out/arsdk-native/build/libARSAL/obj/Sources/ARSAL_MD5_Manager.c.o
                0x0000000000003df0                ARSAL_MD5_Manager_Check
 *fill*         0x0000000000003e16        0xa 
 .text.ARSAL_MD5_Manager_Compute
                0x0000000000003e20       0x26 /home/brayan/com_bebop_ws/src/ros2_parrot_arsdk/build/parrot_arsdk/out/arsdk-native/build/libARSAL/obj/Sources/ARSAL_MD5_Manager.c.o
                0x0000000000003e20                ARSAL_MD5_Manager_Compute
 *fill*         0x0000000000003e46        0xa 
 .text.ARSAL_Mutex_Init
                0x0000000000003e50       0x20 /home/brayan/com_bebop_ws/src/ros2_parrot_arsdk/build/parrot_arsdk/out/arsdk-native/build/libARSAL/obj/Sources/ARSAL_Mutex.c.o
                0x0000000000003e50                ARSAL_Mutex_Init
 .text.ARSAL_Mutex_Destroy
                0x0000000000003e70       0x28 /home/brayan/com_bebop_ws/src/ros2_parrot_arsdk/build/parrot_arsdk/out/arsdk-native/build/libARSAL/obj/Sources/ARSAL_Mutex.c.o
                0x0000000000003e70                ARSAL_Mutex_Destroy
 *fill*         0x0000000000003e98        0x8 
 .text.ARSAL_Mutex_Lock
                0x0000000000003ea0       0x71 /home/brayan/com_bebop_ws/src/ros2_parrot_arsdk/build/parrot_arsdk/out/arsdk-native/build/libARSAL/obj/Sources/ARSAL_Mutex.c.o
                0x0000000000003ea0                ARSAL_Mutex_Lock
 *fill*         0x0000000000003f11        0xf 
 .text.ARSAL_Mutex_Trylock
                0x0000000000003f20       0x71 /home/brayan/com_bebop_ws/src/ros2_parrot_arsdk/build/parrot_arsdk/out/arsdk-native/build/libARSAL/obj/Sources/ARSAL_Mutex.c.o
                0x0000000000003f20                ARSAL_Mutex_Trylock
 *fill*         0x0000000000003f91        0xf 
 .text.ARSAL_Mutex_Unlock
                0x0000000000003fa0       0x71 /home/brayan/com_bebop_ws/src/ros2_parrot_arsdk/build/parrot_arsdk/out/arsdk-native/build/libARSAL/obj/Sources/ARSAL_Mutex.c.o
                0x0000000000003fa0                ARSAL_Mutex_Unlock
 *fill*         0x0000000000004011        0xf 
 .text.ARSAL_Cond_Init
                0x0000000000004020       0x20 /home/brayan/com_bebop_ws/src/ros2_parrot_arsdk/build/parrot_arsdk/out/arsdk-native/build/libARSAL/obj/Sources/ARSAL_Mutex.c.o
                0x0000000000004020                ARSAL_Cond_Init
 .text.ARSAL_Cond_Destroy
                0x0000000000004040       0x28 /home/brayan/com_bebop_ws/src/ros2_parrot_arsdk/build/parrot_arsdk/out/arsdk-native/build/libARSAL/obj/Sources/ARSAL_Mutex.c.o
                0x0000000000004040                ARSAL_Cond_Destroy
 *fill*         0x0000000000004068        0x8 
 .text.ARSAL_Cond_Wait
                0x0000000000004070       0x71 /home/brayan/com_bebop_ws/src/ros2_parrot_arsdk/build/parrot_arsdk/out/arsdk-native/build/libARSAL/obj/Sources/ARSAL_Mutex.c.o
                0x0000000000004070                ARSAL_Cond_Wait
 *fill*         0x00000000000040e1        0xf 
 .text.ARSAL_Cond_Timedwait
                0x00000000000040f0      0x118 /home/brayan/com_bebop_ws/src/ros2_parrot_arsdk/build/parrot_arsdk/out/arsdk-native/build/libARSAL/obj/Sources/ARSAL_Mutex.c.o
                0x00000000000040f0                ARSAL_Cond_Timedwait
 *fill*         0x0000000000004208        0x8 
 .text.ARSAL_Cond_Signal
                0x0000000000004210       0x71 /home/brayan/com_bebop_ws/src/ros2_parrot_arsdk/build/parrot_arsdk/out/arsdk-native/build/libARSAL/obj/Sources/ARSAL_Mutex.c.o
                0x0000000000004210                ARSAL_Cond_Signal
 *fill*         0x0000000000004281        0xf 
 .text.ARSAL_Cond_Broadcast
                0x0000000000004290       0x71 /home/brayan/com_bebop_ws/src/ros2_parrot_arsdk/build/parrot_arsdk/out/arsdk-native/build/libARSAL/obj/Sources/ARSAL_Mutex.c.o
                0x0000000000004290                ARSAL_Cond_Broadcast
 *fill*         0x0000000000004301        0xf 
 .text.ARSAL_Print_SetMinimumLevel
                0x0000000000004310       0x17 /home/brayan/com_bebop_ws/src/ros2_parrot_arsdk/build/parrot_arsdk/out/arsdk-native/build/libARSAL/obj/Sources/ARSAL_Print.c.o
                0x0000000000004310                ARSAL_Print_SetMinimumLevel
 *fill*         0x0000000000004327        0x9 
 .text.ARSAL_Print_GetMinimumLevel
                0x0000000000004330        0xb /home/brayan/com_bebop_ws/src/ros2_parrot_arsdk/build/parrot_arsdk/out/arsdk-native/build/libARSAL/obj/Sources/ARSAL_Print.c.o
                0x0000000000004330                ARSAL_Print_GetMinimumLevel
 *fill*         0x000000000000433b        0x5 
 .text.ARSAL_Print_SetCallback
                0x0000000000004340        0xc /home/brayan/com_bebop_ws/src/ros2_parrot_arsdk/build/parrot_arsdk/out/arsdk-native/build/libARSAL/obj/Sources/ARSAL_Print.c.o
                0x0000000000004340                ARSAL_Print_SetCallback
 *fill*         0x000000000000434c        0x4 
 .text.ARSAL_Print_GetLevelDescription
                0x0000000000004350       0x1e /home/brayan/com_bebop_ws/src/ros2_parrot_arsdk/build/parrot_arsdk/out/arsdk-native/build/libARSAL/obj/Sources/ARSAL_Print.c.o
                0x0000000000004350                ARSAL_Print_GetLevelDescription
 *fill*         0x000000000000436e        0x2 
 .text.ARSAL_Print_PrintRaw
                0x0000000000004370      0x17f /home/brayan/com_bebop_ws/src/ros2_parrot_arsdk/build/parrot_arsdk/out/arsdk-native/build/libARSAL/obj/Sources/ARSAL_Print.c.o
                0x0000000000004370                ARSAL_Print_PrintRaw
 *fill*         0x00000000000044ef        0x1 
 .text.ARSAL_Print_PrintRawEx
                0x00000000000044f0      0x19b /home/brayan/com_bebop_ws/src/ros2_parrot_arsdk/build/parrot_arsdk/out/arsdk-native/build/libARSAL/obj/Sources/ARSAL_Print.c.o
                0x00000000000044f0                ARSAL_Print_PrintRawEx
 *fill*         0x000000000000468b        0x5 
 .text.ARSAL_Print_DumpData
                0x0000000000004690      0x11a /home/brayan/com_bebop_ws/src/ros2_parrot_arsdk/build/parrot_arsdk/out/arsdk-native/build/libARSAL/obj/Sources/ARSAL_Print.c.o
                0x0000000000004690                ARSAL_Print_DumpData
 *fill*         0x00000000000047aa        0x6 
 .text.ARSAL_Print_DumpRotateFiles
                0x00000000000047b0      0x1b7 /home/brayan/com_bebop_ws/src/ros2_parrot_arsdk/build/parrot_arsdk/out/arsdk-native/build/libARSAL/obj/Sources/ARSAL_Print.c.o
                0x00000000000047b0                ARSAL_Print_DumpRotateFiles
 *fill*         0x0000000000004967        0x9 
 .text.ARSAL_Sem_Init
                0x0000000000004970       0x83 /home/brayan/com_bebop_ws/src/ros2_parrot_arsdk/build/parrot_arsdk/out/arsdk-native/build/libARSAL/obj/Sources/ARSAL_Sem.c.o
                0x0000000000004970                ARSAL_Sem_Init
 *fill*         0x00000000000049f3        0xd 
 .text.ARSAL_Sem_Destroy
                0x0000000000004a00       0x52 /home/brayan/com_bebop_ws/src/ros2_parrot_arsdk/build/parrot_arsdk/out/arsdk-native/build/libARSAL/obj/Sources/ARSAL_Sem.c.o
                0x0000000000004a00                ARSAL_Sem_Destroy
 *fill*         0x0000000000004a52        0xe 
 .text.ARSAL_Sem_Wait
                0x0000000000004a60       0x4b /home/brayan/com_bebop_ws/src/ros2_parrot_arsdk/build/parrot_arsdk/out/arsdk-native/build/libARSAL/obj/Sources/ARSAL_Sem.c.o
                0x0000000000004a60                ARSAL_Sem_Wait
 *fill*         0x0000000000004aab        0x5 
 .text.ARSAL_Sem_Trywait
                0x0000000000004ab0       0x39 /home/brayan/com_bebop_ws/src/ros2_parrot_arsdk/build/parrot_arsdk/out/arsdk-native/build/libARSAL/obj/Sources/ARSAL_Sem.c.o
                0x0000000000004ab0                ARSAL_Sem_Trywait
 *fill*         0x0000000000004ae9        0x7 
 .text.ARSAL_Sem_Timedwait
                0x0000000000004af0       0xdc /home/brayan/com_bebop_ws/src/ros2_parrot_arsdk/build/parrot_arsdk/out/arsdk-native/build/libARSAL/obj/Sources/ARSAL_Sem.c.o
                0x0000000000004af0                ARSAL_Sem_Timedwait
 *fill*         0x0000000000004bcc        0x4 
 .text.ARSAL_Sem_Post
                0x0000000000004bd0       0x39 /home/brayan/com_bebop_ws/src/ros2_parrot_arsdk/build/parrot_arsdk/out/arsdk-native/build/libARSAL/obj/Sources/ARSAL_Sem.c.o
                0x0000000000004bd0                ARSAL_Sem_Post
 *fill*         0x0000000000004c09        0x7 
 .text.ARSAL_Sem_Getvalue
                0x0000000000004c10       0x39 /home/brayan/com_bebop_ws/src/ros2_parrot_arsdk/build/parrot_arsdk/out/arsdk-native/build/libARSAL/obj/Sources/ARSAL_Sem.c.o
                0x0000000000004c10                ARSAL_Sem_Getvalue
 *fill*         0x0000000000004c49        0x7 
 .text.ARSAL_Socket_Create
                0x0000000000004c50        0x9 /home/brayan/com_bebop_ws/src/ros2_parrot_arsdk/build/parrot_arsdk/out/arsdk-native/build/libARSAL/obj/Sources/ARSAL_Socket.c.o
                0x0000000000004c50                ARSAL_Socket_Create
 *fill*         0x0000000000004c59        0x7 
 .text.ARSAL_Socket_Connect
                0x0000000000004c60       0x4b /home/brayan/com_bebop_ws/src/ros2_parrot_arsdk/build/parrot_arsdk/out/arsdk-native/build/libARSAL/obj/Sources/ARSAL_Socket.c.o
                0x0000000000004c60                ARSAL_Socket_Connect
 *fill*         0x0000000000004cab        0x5 
 .text.ARSAL_Socket_Sendto
                0x0000000000004cb0       0x6e /home/brayan/com_bebop_ws/src/ros2_parrot_arsdk/build/parrot_arsdk/out/arsdk-native/build/libARSAL/obj/Sources/ARSAL_Socket.c.o
                0x0000000000004cb0                ARSAL_Socket_Sendto
 *fill*         0x0000000000004d1e        0x2 
 .text.ARSAL_Socket_Send
                0x0000000000004d20       0x72 /home/brayan/com_bebop_ws/src/ros2_parrot_arsdk/build/parrot_arsdk/out/arsdk-native/build/libARSAL/obj/Sources/ARSAL_Socket.c.o
                0x0000000000004d20                ARSAL_Socket_Send
 *fill*         0x0000000000004d92        0xe 
 .text.ARSAL_Socket_Recvfrom
                0x0000000000004da0       0x6e /home/brayan/com_bebop_ws/src/ros2_parrot_arsdk/build/parrot_arsdk/out/arsdk-native/build/libARSAL/obj/Sources/ARSAL_Socket.c.o
                0x0000000000004da0                ARSAL_Socket_Recvfrom
 *fill*         0x0000000000004e0e        0x2 
 .text.ARSAL_Socket_Recv
                0x0000000000004e10       0x4f /home/brayan/com_bebop_ws/src/ros2_parrot_arsdk/build/parrot_arsdk/out/arsdk-native/build/libARSAL/obj/Sources/ARSAL_Socket.c.o
                0x0000000000004e10                ARSAL_Socket_Recv
 *fill*         0x0000000000004e5f        0x1 
 .text.ARSAL_Socket_Writev
                0x0000000000004e60       0x4e /home/brayan/com_bebop_ws/src/ros2_parrot_arsdk/build/parrot_arsdk/out/arsdk-native/build/libARSAL/obj/Sources/ARSAL_Socket.c.o
                0x0000000000004e60                ARSAL_Socket_Writev
 *fill*         0x0000000000004eae        0x2 
 .text.ARSAL_Socket_Readv
                0x0000000000004eb0       0x4e /home/brayan/com_bebop_ws/src/ros2_parrot_arsdk/build/parrot_arsdk/out/arsdk-native/build/libARSAL/obj/Sources/ARSAL_Socket.c.o
                0x0000000000004eb0                ARSAL_Socket_Readv
 *fill*         0x0000000000004efe        0x2 
 .text.ARSAL_Socket_Bind
                0x0000000000004f00        0x9 /home/brayan/com_bebop_ws/src/ros2_parrot_arsdk/build/parrot_arsdk/out/arsdk-native/build/libARSAL/obj/Sources/ARSAL_Socket.c.o
                0x0000000000004f00                ARSAL_Socket_Bind
 *fill*         0x0000000000004f09        0x7 
 .text.ARSAL_Socket_Listen
                0x0000000000004f10        0x9 /home/brayan/com_bebop_ws/src/ros2_parrot_arsdk/build/parrot_arsdk/out/arsdk-native/build/libARSAL/obj/Sources/ARSAL_Socket.c.o
                0x0000000000004f10                ARSAL_Socket_Listen
 *fill*         0x0000000000004f19        0x7 
 .text.ARSAL_Socket_Accept
                0x0000000000004f20       0x4c /home/brayan/com_bebop_ws/src/ros2_parrot_arsdk/build/parrot_arsdk/out/arsdk-native/build/libARSAL/obj/Sources/ARSAL_Socket.c.o
                0x0000000000004f20                ARSAL_Socket_Accept
 *fill*         0x0000000000004f6c        0x4 
 .text.ARSAL_Socket_Close
                0x0000000000004f70       0x31 /home/brayan/com_bebop_ws/src/ros2_parrot_arsdk/build/parrot_arsdk/out/arsdk-native/build/libARSAL/obj/Sources/ARSAL_Socket.c.o
                0x0000000000004f70                ARSAL_Socket_Close
 *fill*         0x0000000000004fa1        0xf 
 .text.ARSAL_Socket_Setsockopt
                0x0000000000004fb0        0x9 /home/brayan/com_bebop_ws/src/ros2_parrot_arsdk/build/parrot_arsdk/out/arsdk-native/build/libARSAL/obj/Sources/ARSAL_Socket.c.o
                0x0000000000004fb0                ARSAL_Socket_Setsockopt
 *fill*         0x0000000000004fb9        0x7 
 .text.ARSAL_Socket_Getsockopt
                0x0000000000004fc0        0x9 /home/brayan/com_bebop_ws/src/ros2_parrot_arsdk/build/parrot_arsdk/out/arsdk-native/build/libARSAL/obj/Sources/ARSAL_Socket.c.o
                0x0000000000004fc0                ARSAL_Socket_Getsockopt
 *fill*         0x0000000000004fc9        0x7 
 .text.ARSAL_Socket_Getsockname
                0x0000000000004fd0        0x9 /home/brayan/com_bebop_ws/src/ros2_parrot_arsdk/build/parrot_arsdk/out/arsdk-native/build/libARSAL/obj/Sources/ARSAL_Socket.c.o
                0x0000000000004fd0                ARSAL_Socket_Getsockname
 *fill*         0x0000000000004fd9        0x7 
 .text.ARSAL_Time_GetTime
                0x0000000000004fe0       0x1c /home/brayan/com_bebop_ws/src/ros2_parrot_arsdk/build/parrot_arsdk/out/arsdk-native/build/libARSAL/obj/Sources/ARSAL_Time.c.o
                0x0000000000004fe0                ARSAL_Time_GetTime
 *fill*         0x0000000000004ffc        0x4 
 .text.ARSAL_Time_GetLocalTime
                0x0000000000005000       0x8c /home/brayan/com_bebop_ws/src/ros2_parrot_arsdk/build/parrot_arsdk/out/arsdk-native/build/libARSAL/obj/Sources/ARSAL_Time.c.o
                0x0000000000005000                ARSAL_Time_GetLocalTime
 *fill*         0x000000000000508c        0x4 
 .text.ARSAL_Time_TimevalEquals
                0x0000000000005090       0x2f /home/brayan/com_bebop_ws/src/ros2_parrot_arsdk/build/parrot_arsdk/out/arsdk-native/build/libARSAL/obj/Sources/ARSAL_Time.c.o
                0x0000000000005090                ARSAL_Time_TimevalEquals
 *fill*         0x00000000000050bf        0x1 
 .text.ARSAL_Time_TimespecEquals
                0x00000000000050c0       0x2f /home/brayan/com_bebop_ws/src/ros2_parrot_arsdk/build/parrot_arsdk/out/arsdk-native/build/libARSAL/obj/Sources/ARSAL_Time.c.o
                0x00000000000050c0                ARSAL_Time_TimespecEquals
 *fill*         0x00000000000050ef        0x1 
 .text.ARSAL_Time_ComputeTimevalMsTimeDiff
                0x00000000000050f0       0x5e /home/brayan/com_bebop_ws/src/ros2_parrot_arsdk/build/parrot_arsdk/out/arsdk-native/build/libARSAL/obj/Sources/ARSAL_Time.c.o
                0x00000000000050f0                ARSAL_Time_ComputeTimevalMsTimeDiff
 *fill*         0x000000000000514e        0x2 
 .text.ARSAL_Time_ComputeTimespecMsTimeDiff
                0x0000000000005150       0x5e /home/brayan/com_bebop_ws/src/ros2_parrot_arsdk/build/parrot_arsdk/out/arsdk-native/build/libARSAL/obj/Sources/ARSAL_Time.c.o
                0x0000000000005150                ARSAL_Time_ComputeTimespecMsTimeDiff
 *fill*         0x00000000000051ae        0x2 
 .text.ARSAL_Thread_Create
                0x00000000000051b0       0x78 /home/brayan/com_bebop_ws/src/ros2_parrot_arsdk/build/parrot_arsdk/out/arsdk-native/build/libARSAL/obj/Sources/ARSAL_Thread.c.o
                0x00000000000051b0                ARSAL_Thread_Create
 *fill*         0x0000000000005228        0x8 
 .text.ARSAL_Thread_Join
                0x0000000000005230        0xc /home/brayan/com_bebop_ws/src/ros2_parrot_arsdk/build/parrot_arsdk/out/arsdk-native/build/libARSAL/obj/Sources/ARSAL_Thread.c.o
                0x0000000000005230                ARSAL_Thread_Join
 *fill*         0x000000000000523c        0x4 
 .text.ARSAL_Thread_Destroy
                0x0000000000005240       0x17 /home/brayan/com_bebop_ws/src/ros2_parrot_arsdk/build/parrot_arsdk/out/arsdk-native/build/libARSAL/obj/Sources/ARSAL_Thread.c.o
                0x0000000000005240                ARSAL_Thread_Destroy
 *fill*         0x0000000000005257        0x9 
 .text.body     0x0000000000005260      0x793 /home/brayan/com_bebop_ws/src/ros2_parrot_arsdk/build/parrot_arsdk/out/arsdk-native/build/libARSAL/obj/Sources/md5.c.o
 *fill*         0x00000000000059f3        0xd 
 .text.AR_MD5_Init
                0x0000000000005a00       0x1b /home/brayan/com_bebop_ws/src/ros2_parrot_arsdk/build/parrot_arsdk/out/arsdk-native/build/libARSAL/obj/Sources/md5.c.o
                0x0000000000005a00                AR_MD5_Init
 *fill*         0x0000000000005a1b        0x5 
 .text.AR_MD5_Update
                0x0000000000005a20      0x1f4 /home/brayan/com_bebop_ws/src/ros2_parrot_arsdk/build/parrot_arsdk/out/arsdk-native/build/libARSAL/obj/Sources/md5.c.o
                0x0000000000005a20                AR_MD5_Update
 *fill*         0x0000000000005c14        0xc 
 .text.AR_MD5_Final
                0x0000000000005c20      0x2c7 /home/brayan/com_bebop_ws/src/ros2_parrot_arsdk/build/parrot_arsdk/out/arsdk-native/build/libARSAL/obj/Sources/md5.c.o
                0x0000000000005c20                AR_MD5_Final
 *fill*         0x0000000000005ee7        0x9 
 .text.ARSAL_Error_ToString
                0x0000000000005ef0      0x180 /home/brayan/com_bebop_ws/src/ros2_parrot_arsdk/build/parrot_arsdk/out/arsdk-native/build/libARSAL/obj/gen/Sources/ARSAL_Error.c.o
                0x0000000000005ef0                ARSAL_Error_ToString
 *(.gnu.warning)

.fini           0x0000000000006070        0xd
 *(SORT_NONE(.fini))
 .fini          0x0000000000006070        0x8 /usr/lib/gcc/x86_64-linux-gnu/13/../../../x86_64-linux-gnu/crti.o
                0x0000000000006070                _fini
 .fini          0x0000000000006078        0x5 /usr/lib/gcc/x86_64-linux-gnu/13/../../../x86_64-linux-gnu/crtn.o
                [!provide]                        PROVIDE (__etext = .)
                [!provide]                        PROVIDE (_etext = .)
                [!provide]                        PROVIDE (etext = .)
                0x0000000000007000                . = ALIGN (CONSTANT (MAXPAGESIZE))
                0x0000000000007000                . = SEGMENT_START ("rodata-segment", (ALIGN (CONSTANT (MAXPAGESIZE)) + (. & (CONSTANT (MAXPAGESIZE) - 0x1))))

.rodata         0x0000000000007000      0x4a0
 *(.rodata .rodata.* .gnu.linkonce.r.*)
 .rodata.str1.1
                0x0000000000007000      0x177 /home/brayan/com_bebop_ws/src/ros2_parrot_arsdk/build/parrot_arsdk/out/arsdk-native/build/libARSAL/obj/Sources/ARSAL_MD5.c.o
                                         0x10 (size before relaxing)
 *fill*         0x0000000000007177        0x9 
 .rodata        0x0000000000007180       0x67 /home/brayan/com_bebop_ws/src/ros2_parrot_arsdk/build/parrot_arsdk/out/arsdk-native/build/libARSAL/obj/Sources/ARSAL_MD5.c.o
 .rodata.str1.1
                0x00000000000071e7        0x8 /home/brayan/com_bebop_ws/src/ros2_parrot_arsdk/build/parrot_arsdk/out/arsdk-native/build/libARSAL/obj/Sources/ARSAL_MD5_Manager.c.o
 *fill*         0x00000000000071e7        0x9 
 .rodata        0x00000000000071f0       0x36 /home/brayan/com_bebop_ws/src/ros2_parrot_arsdk/build/parrot_arsdk/out/arsdk-native/build/libARSAL/obj/Sources/ARSAL_MD5_Manager.c.o
 *fill*         0x0000000000007226        0x2 
 .rodata.str1.8
                0x0000000000007228      0x135 /home/brayan/com_bebop_ws/src/ros2_parrot_arsdk/build/parrot_arsdk/out/arsdk-native/build/libARSAL/obj/Sources/ARSAL_Mutex.c.o
                                         0x7f (size before relaxing)
 .rodata.str1.1
                0x000000000000735d        0xc /home/brayan/com_bebop_ws/src/ros2_parrot_arsdk/build/parrot_arsdk/out/arsdk-native/build/libARSAL/obj/Sources/ARSAL_Mutex.c.o
 *fill*         0x000000000000735d        0x3 
 .rodata        0x0000000000007360       0xc1 /home/brayan/com_bebop_ws/src/ros2_parrot_arsdk/build/parrot_arsdk/out/arsdk-native/build/libARSAL/obj/Sources/ARSAL_Mutex.c.o
 .rodata.str1.1
                0x0000000000007421       0x5e /home/brayan/com_bebop_ws/src/ros2_parrot_arsdk/build/parrot_arsdk/out/arsdk-native/build/libARSAL/obj/Sources/ARSAL_Print.c.o
 .rodata.str1.8
                0x0000000000007421       0x2a /home/brayan/com_bebop_ws/src/ros2_parrot_arsdk/build/parrot_arsdk/out/arsdk-native/build/libARSAL/obj/Sources/ARSAL_Print.c.o
 *fill*         0x0000000000007421        0xf 
 .rodata        0x0000000000007430       0x1c /home/brayan/com_bebop_ws/src/ros2_parrot_arsdk/build/parrot_arsdk/out/arsdk-native/build/libARSAL/obj/Sources/ARSAL_Print.c.o
 *fill*         0x000000000000744c        0x4 
 .rodata.cst8   0x0000000000007450        0x8 /home/brayan/com_bebop_ws/src/ros2_parrot_arsdk/build/parrot_arsdk/out/arsdk-native/build/libARSAL/obj/Sources/md5.c.o
 *fill*         0x0000000000007458        0x8 
 .rodata.cst16  0x0000000000007460       0x10 /home/brayan/com_bebop_ws/src/ros2_parrot_arsdk/build/parrot_arsdk/out/arsdk-native/build/libARSAL/obj/Sources/md5.c.o
 .rodata.str1.1
                0x0000000000007470      0x105 /home/brayan/com_bebop_ws/src/ros2_parrot_arsdk/build/parrot_arsdk/out/arsdk-native/build/libARSAL/obj/gen/Sources/ARSAL_Error.c.o
 .rodata.str1.8
                0x0000000000007470       0x85 /home/brayan/com_bebop_ws/src/ros2_parrot_arsdk/build/parrot_arsdk/out/arsdk-native/build/libARSAL/obj/gen/Sources/ARSAL_Error.c.o
 .rodata        0x0000000000007470       0x30 /home/brayan/com_bebop_ws/src/ros2_parrot_arsdk/build/parrot_arsdk/out/arsdk-native/build/libARSAL/obj/gen/Sources/ARSAL_Error.c.o

.rodata1
 *(.rodata1)

.eh_frame_hdr   0x00000000000074a0      0x234
 *(.eh_frame_hdr)
 .eh_frame_hdr  0x00000000000074a0      0x234 /home/brayan/com_bebop_ws/src/ros2_parrot_arsdk/build/parrot_arsdk/out/arsdk-native/build/libARSAL/obj/Sources/ARSAL_Ftw.c.o
                0x00000000000074a0                __GNU_EH_FRAME_HDR
 *(.eh_frame_entry .eh_frame_entry.*)

.eh_frame       0x00000000000076d8      0xbb8
 *(.eh_frame)
 .eh_frame      0x00000000000076d8       0x40 /usr/lib/gcc/x86_64-linux-gnu/13/../../../x86_64-linux-gnu/crti.o
 .eh_frame      0x0000000000007718       0x18 /usr/lib/gcc/x86_64-linux-gnu/13/../../../x86_64-linux-gnu/crti.o
                                         0x30 (size before relaxing)
 .eh_frame      0x0000000000007730       0x18 /usr/lib/gcc/x86_64-linux-gnu/13/../../../x86_64-linux-gnu/crti.o
                                         0x30 (size before relaxing)
 .eh_frame      0x0000000000007748       0x28 /home/brayan/com_bebop_ws/src/ros2_parrot_arsdk/build/parrot_arsdk/out/arsdk-native/build/libARSAL/obj/Sources/ARSAL_Ftw.c.o
                                         0x40 (size before relaxing)
 .eh_frame      0x0000000000007770      0x100 /home/brayan/com_bebop_ws/src/ros2_parrot_arsdk/build/parrot_arsdk/out/arsdk-native/build/libARSAL/obj/Sources/ARSAL_MD5.c.o
                                        0x118 (size before relaxing)
 .eh_frame      0x0000000000007870       0x60 /home/brayan/com_bebop_ws/src/ros2_parrot_arsdk/build/parrot_arsdk/out/arsdk-native/build/libARSAL/obj/Sources/ARSAL_MD5_Manager.c.o
                                         0x78 (size before relaxing)
 .eh_frame      0x00000000000078d0      0x250 /home/brayan/com_bebop_ws/src/ros2_parrot_arsdk/build/parrot_arsdk/out/arsdk-native/build/libARSAL/obj/Sources/ARSAL_Mutex.c.o
                                        0x268 (size before relaxing)
 .eh_frame      0x0000000000007b20      0x1a8 /home/brayan/com_bebop_ws/src/ros2_parrot_arsdk/build/parrot_arsdk/out/arsdk-native/build/libARSAL/obj/Sources/ARSAL_Print.c.o
                                        0x1c0 (size before relaxing)
 .eh_frame      0x0000000000007cc8      0x118 /home/brayan/com_bebop_ws/src/ros2_parrot_arsdk/build/parrot_arsdk/out/arsdk-native/build/libARSAL/obj/Sources/ARSAL_Sem.c.o
                                        0x130 (size before relaxing)
 .eh_frame      0x0000000000007de0      0x298 /home/brayan/com_bebop_ws/src/ros2_parrot_arsdk/build/parrot_arsdk/out/arsdk-native/build/libARSAL/obj/Sources/ARSAL_Socket.c.o
                                        0x2b0 (size before relaxing)
 .eh_frame      0x0000000000008078       0xa0 /home/brayan/com_bebop_ws/src/ros2_parrot_arsdk/build/parrot_arsdk/out/arsdk-native/build/libARSAL/obj/Sources/ARSAL_Time.c.o
                                         0xb8 (size before relaxing)
 .eh_frame      0x0000000000008118       0x78 /home/brayan/com_bebop_ws/src/ros2_parrot_arsdk/build/parrot_arsdk/out/arsdk-native/build/libARSAL/obj/Sources/ARSAL_Thread.c.o
                                         0x90 (size before relaxing)
 .eh_frame      0x0000000000008190       0xe8 /home/brayan/com_bebop_ws/src/ros2_parrot_arsdk/build/parrot_arsdk/out/arsdk-native/build/libARSAL/obj/Sources/md5.c.o
                                        0x100 (size before relaxing)
 .eh_frame      0x0000000000008278       0x14 /home/brayan/com_bebop_ws/src/ros2_parrot_arsdk/build/parrot_arsdk/out/arsdk-native/build/libARSAL/obj/gen/Sources/ARSAL_Error.c.o
                                         0x30 (size before relaxing)
 .eh_frame      0x000000000000828c        0x4 /usr/lib/gcc/x86_64-linux-gnu/13/crtendS.o
 *(.eh_frame.*)

.sframe         0x0000000000008290        0x0
 *(.sframe)
 .sframe        0x0000000000008290        0x0 /usr/lib/gcc/x86_64-linux-gnu/13/../../../x86_64-linux-gnu/crti.o
 .sframe        0x0000000000008290        0x0 /usr/lib/gcc/x86_64-linux-gnu/13/../../../x86_64-linux-gnu/crti.o
 *(.sframe.*)

.gcc_except_table
 *(.gcc_except_table .gcc_except_table.*)

.gnu_extab
 *(.gnu_extab*)

.exception_ranges
 *(.exception_ranges*)
                0x0000000000009d90                . = DATA_SEGMENT_ALIGN (CONSTANT (MAXPAGESIZE), CONSTANT (COMMONPAGESIZE))

.eh_frame
 *(.eh_frame)
 *(.eh_frame.*)

.sframe
 *(.sframe)
 *(.sframe.*)

.gnu_extab
 *(.gnu_extab)

.gcc_except_table
 *(.gcc_except_table .gcc_except_table.*)

.exception_ranges
 *(.exception_ranges*)

.tdata
 *(.tdata .tdata.* .gnu.linkonce.td.*)

.tbss
 *(.tbss .tbss.* .gnu.linkonce.tb.*)
 *(.tcommon)

.preinit_array
 *(.preinit_array)

.init_array     0x0000000000009d90        0x8
 *(SORT_BY_INIT_PRIORITY(.init_array.*) SORT_BY_INIT_PRIORITY(.ctors.*))
 *(.init_array EXCLUDE_FILE(*crtend?.o *crtend.o *crtbegin?.o *crtbegin.o) .ctors)
 .init_array    0x0000000000009d90        0x8 /usr/lib/gcc/x86_64-linux-gnu/13/crtbeginS.o

.fini_array     0x0000000000009d98        0x8
 *(SORT_BY_INIT_PRIORITY(.fini_array.*) SORT_BY_INIT_PRIORITY(.dtors.*))
 *(.fini_array EXCLUDE_FILE(*crtend?.o *crtend.o *crtbegin?.o *crtbegin.o) .dtors)
 .fini_array    0x0000000000009d98        0x8 /usr/lib/gcc/x86_64-linux-gnu/13/crtbeginS.o

.ctors
 *crtbegin.o(.ctors)
 *crtbegin?.o(.ctors)
 *(EXCLUDE_FILE(*crtend?.o *crtend.o) .ctors)
 *(SORT_BY_NAME(.ctors.*))
 *(.ctors)

.dtors
 *crtbegin.o(.dtors)
 *crtbegin?.o(.dtors)
 *(EXCLUDE_FILE(*crtend?.o *crtend.o) .dtors)
 *(SORT_BY_NAME(.dtors.*))
 *(.dtors)

.jcr
 *(.jcr)

.data.rel.ro    0x0000000000009da0       0x30
 *(.data.rel.ro.local* .gnu.linkonce.d.rel.ro.local.*)
 .data.rel.ro.local
                0x0000000000009da0       0x30 /home/brayan/com_bebop_ws/src/ros2_parrot_arsdk/build/parrot_arsdk/out/arsdk-native/build/libARSAL/obj/Sources/ARSAL_Print.c.o
 *(.data.rel.ro .data.rel.ro.* .gnu.linkonce.d.rel.ro.*)
 .data.rel.ro   0x0000000000009dd0        0x0 /usr/lib/gcc/x86_64-linux-gnu/13/../../../x86_64-linux-gnu/crti.o

.dynamic        0x0000000000009dd0      0x1d0
 *(.dynamic)
 .dynamic       0x0000000000009dd0      0x1d0 /usr/lib/gcc/x86_64-linux-gnu/13/../../../x86_64-linux-gnu/crti.o
                0x0000000000009dd0                _DYNAMIC

.got            0x0000000000009fa0       0x40
 *(.got)
 .got           0x0000000000009fa0       0x40 /usr/lib/gcc/x86_64-linux-gnu/13/../../../x86_64-linux-gnu/crti.o
 *(.igot)
                0x0000000000009fe8                . = DATA_SEGMENT_RELRO_END (., (SIZEOF (.got.plt) >= 0x18)?0x18:0x0)

.got.plt        0x0000000000009fe8      0x250
 *(.got.plt)
 .got.plt       0x0000000000009fe8      0x250 /usr/lib/gcc/x86_64-linux-gnu/13/../../../x86_64-linux-gnu/crti.o
                0x0000000000009fe8                _GLOBAL_OFFSET_TABLE_
 *(.igot.plt)

.data           0x000000000000a238        0xc
 *(.data .data.* .gnu.linkonce.d.*)
 .data.rel.local
                0x000000000000a238        0x8 /usr/lib/gcc/x86_64-linux-gnu/13/crtbeginS.o
                0x000000000000a238                __dso_handle
 .data          0x000000000000a240        0x4 /home/brayan/com_bebop_ws/src/ros2_parrot_arsdk/build/parrot_arsdk/out/arsdk-native/build/libARSAL/obj/Sources/ARSAL_Print.c.o

.tm_clone_table
                0x000000000000a248        0x0
 .tm_clone_table
                0x000000000000a248        0x0 /usr/lib/gcc/x86_64-linux-gnu/13/crtbeginS.o
 .tm_clone_table
                0x000000000000a248        0x0 /usr/lib/gcc/x86_64-linux-gnu/13/crtendS.o

.data1
 *(.data1)
                [!provide]                        PROVIDE (_edata = .)
                [!provide]                        PROVIDE (edata = .)
                0x000000000000a248                . = ALIGN (ALIGNOF (NEXT_SECTION))
                [!provide]                        PROVIDE (__bss_start = .)

.bss            0x000000000000a248       0x10
 *(.dynbss)
 .dynbss        0x000000000000a248        0x0 /usr/lib/gcc/x86_64-linux-gnu/13/../../../x86_64-linux-gnu/crti.o
 *(.bss .bss.* .gnu.linkonce.b.*)
 .bss           0x000000000000a248        0x1 /usr/lib/gcc/x86_64-linux-gnu/13/crtbeginS.o
 *fill*         0x000000000000a249        0x7 
 .bss           0x000000000000a250        0x8 /home/brayan/com_bebop_ws/src/ros2_parrot_arsdk/build/parrot_arsdk/out/arsdk-native/build/libARSAL/obj/Sources/ARSAL_Print.c.o
 *(COMMON)
                0x000000000000a258                . = ALIGN ((. != 0x0)?0x8:0x1)

.lbss
 *(.dynlbss)
 *(.lbss .lbss.* .gnu.linkonce.lb.*)
 *(LARGE_COMMON)
                0x000000000000a258                . = ALIGN (0x8)
                0x000000000000a258                . = SEGMENT_START ("ldata-segment", .)

.lrodata
 *(.lrodata .lrodata.* .gnu.linkonce.lr.*)

.ldata          0x000000000000c258        0x0
 *(.ldata .ldata.* .gnu.linkonce.l.*)
                0x000000000000c258                . = ALIGN ((. != 0x0)?0x8:0x1)
                0x000000000000c258                . = ALIGN (0x8)
                [!provide]                        PROVIDE (_end = .)
                [!provide]                        PROVIDE (end = .)
                0x000000000000c258                . = DATA_SEGMENT_END (.)

.stab
 *(.stab)

.stabstr
 *(.stabstr)

.stab.excl
 *(.stab.excl)

.stab.exclstr
 *(.stab.exclstr)

.stab.index
 *(.stab.index)

.stab.indexstr
 *(.stab.indexstr)

.comment        0x0000000000000000       0x2b
 *(.comment)
 .comment       0x0000000000000000       0x2b /usr/lib/gcc/x86_64-linux-gnu/13/crtbeginS.o
                                         0x2c (size before relaxing)
 .comment       0x000000000000002b       0x2c /home/brayan/com_bebop_ws/src/ros2_parrot_arsdk/build/parrot_arsdk/out/arsdk-native/build/libARSAL/obj/Sources/ARSAL_Ftw.c.o
 .comment       0x000000000000002b       0x2c /home/brayan/com_bebop_ws/src/ros2_parrot_arsdk/build/parrot_arsdk/out/arsdk-native/build/libARSAL/obj/Sources/ARSAL_MD5.c.o
 .comment       0x000000000000002b       0x2c /home/brayan/com_bebop_ws/src/ros2_parrot_arsdk/build/parrot_arsdk/out/arsdk-native/build/libARSAL/obj/Sources/ARSAL_MD5_Manager.c.o
 .comment       0x000000000000002b       0x2c /home/brayan/com_bebop_ws/src/ros2_parrot_arsdk/build/parrot_arsdk/out/arsdk-native/build/libARSAL/obj/Sources/ARSAL_Mutex.c.o
 .comment       0x000000000000002b       0x2c /home/brayan/com_bebop_ws/src/ros2_parrot_arsdk/build/parrot_arsdk/out/arsdk-native/build/libARSAL/obj/Sources/ARSAL_Print.c.o
 .comment       0x000000000000002b       0x2c /home/brayan/com_bebop_ws/src/ros2_parrot_arsdk/build/parrot_arsdk/out/arsdk-native/build/libARSAL/obj/Sources/ARSAL_Sem.c.o
 .comment       0x000000000000002b       0x2c /home/brayan/com_bebop_ws/src/ros2_parrot_arsdk/build/parrot_arsdk/out/arsdk-native/build/libARSAL/obj/Sources/ARSAL_Socket.c.o
 .comment       0x000000000000002b       0x2c /home/brayan/com_bebop_ws/src/ros2_parrot_arsdk/build/parrot_arsdk/out/arsdk-native/build/libARSAL/obj/Sources/ARSAL_Time.c.o
 .comment       0x000000000000002b       0x2c /home/brayan/com_bebop_ws/src/ros2_parrot_arsdk/build/parrot_arsdk/out/arsdk-native/build/libARSAL/obj/Sources/ARSAL_Thread.c.o
 .comment       0x000000000000002b       0x2c /home/brayan/com_bebop_ws/src/ros2_parrot_arsdk/build/parrot_arsdk/out/arsdk-native/build/libARSAL/obj/Sources/md5.c.o
 .comment       0x000000000000002b       0x2c /home/brayan/com_bebop_ws/src/ros2_parrot_arsdk/build/parrot_arsdk/out/arsdk-native/build/libARSAL/obj/gen/Sources/ARSAL_Error.c.o
 .comment       0x000000000000002b       0x2c /usr/lib/gcc/x86_64-linux-gnu/13/crtendS.o

.gnu.build.attributes
 *(.gnu.build.attributes .gnu.build.attributes.*)

.debug
 *(.debug)

.line
 *(.line)

.debug_srcinfo
 *(.debug_srcinfo)

.debug_sfnames
 *(.debug_sfnames)

.debug_aranges  0x0000000000000000      0x580
 *(.debug_aranges)
 .debug_aranges
                0x0000000000000000       0x40 /home/brayan/com_bebop_ws/src/ros2_parrot_arsdk/build/parrot_arsdk/out/arsdk-native/build/libARSAL/obj/Sources/ARSAL_Ftw.c.o
 .debug_aranges
                0x0000000000000040       0x70 /home/brayan/com_bebop_ws/src/ros2_parrot_arsdk/build/parrot_arsdk/out/arsdk-native/build/libARSAL/obj/Sources/ARSAL_MD5.c.o
 .debug_aranges
                0x00000000000000b0       0x60 /home/brayan/com_bebop_ws/src/ros2_parrot_arsdk/build/parrot_arsdk/out/arsdk-native/build/libARSAL/obj/Sources/ARSAL_MD5_Manager.c.o
 .debug_aranges
                0x0000000000000110       0xd0 /home/brayan/com_bebop_ws/src/ros2_parrot_arsdk/build/parrot_arsdk/out/arsdk-native/build/libARSAL/obj/Sources/ARSAL_Mutex.c.o
 .debug_aranges
                0x00000000000001e0       0xa0 /home/brayan/com_bebop_ws/src/ros2_parrot_arsdk/build/parrot_arsdk/out/arsdk-native/build/libARSAL/obj/Sources/ARSAL_Print.c.o
 .debug_aranges
                0x0000000000000280       0x90 /home/brayan/com_bebop_ws/src/ros2_parrot_arsdk/build/parrot_arsdk/out/arsdk-native/build/libARSAL/obj/Sources/ARSAL_Sem.c.o
 .debug_aranges
                0x0000000000000310      0x110 /home/brayan/com_bebop_ws/src/ros2_parrot_arsdk/build/parrot_arsdk/out/arsdk-native/build/libARSAL/obj/Sources/ARSAL_Socket.c.o
 .debug_aranges
                0x0000000000000420       0x80 /home/brayan/com_bebop_ws/src/ros2_parrot_arsdk/build/parrot_arsdk/out/arsdk-native/build/libARSAL/obj/Sources/ARSAL_Time.c.o
 .debug_aranges
                0x00000000000004a0       0x50 /home/brayan/com_bebop_ws/src/ros2_parrot_arsdk/build/parrot_arsdk/out/arsdk-native/build/libARSAL/obj/Sources/ARSAL_Thread.c.o
 .debug_aranges
                0x00000000000004f0       0x60 /home/brayan/com_bebop_ws/src/ros2_parrot_arsdk/build/parrot_arsdk/out/arsdk-native/build/libARSAL/obj/Sources/md5.c.o
 .debug_aranges
                0x0000000000000550       0x30 /home/brayan/com_bebop_ws/src/ros2_parrot_arsdk/build/parrot_arsdk/out/arsdk-native/build/libARSAL/obj/gen/Sources/ARSAL_Error.c.o

.debug_pubnames
 *(.debug_pubnames)

.debug_info     0x0000000000000000     0x5c04
 *(.debug_info .gnu.linkonce.wi.*)
 .debug_info    0x0000000000000000      0x4ce /home/brayan/com_bebop_ws/src/ros2_parrot_arsdk/build/parrot_arsdk/out/arsdk-native/build/libARSAL/obj/Sources/ARSAL_Ftw.c.o
 .debug_info    0x00000000000004ce      0xd62 /home/brayan/com_bebop_ws/src/ros2_parrot_arsdk/build/parrot_arsdk/out/arsdk-native/build/libARSAL/obj/Sources/ARSAL_MD5.c.o
 .debug_info    0x0000000000001230      0x556 /home/brayan/com_bebop_ws/src/ros2_parrot_arsdk/build/parrot_arsdk/out/arsdk-native/build/libARSAL/obj/Sources/ARSAL_MD5_Manager.c.o
 .debug_info    0x0000000000001786      0xe35 /home/brayan/com_bebop_ws/src/ros2_parrot_arsdk/build/parrot_arsdk/out/arsdk-native/build/libARSAL/obj/Sources/ARSAL_Mutex.c.o
 .debug_info    0x00000000000025bb     0x1214 /home/brayan/com_bebop_ws/src/ros2_parrot_arsdk/build/parrot_arsdk/out/arsdk-native/build/libARSAL/obj/Sources/ARSAL_Print.c.o
 .debug_info    0x00000000000037cf      0x6b1 /home/brayan/com_bebop_ws/src/ros2_parrot_arsdk/build/parrot_arsdk/out/arsdk-native/build/libARSAL/obj/Sources/ARSAL_Sem.c.o
 .debug_info    0x0000000000003e80      0xf48 /home/brayan/com_bebop_ws/src/ros2_parrot_arsdk/build/parrot_arsdk/out/arsdk-native/build/libARSAL/obj/Sources/ARSAL_Socket.c.o
 .debug_info    0x0000000000004dc8      0x486 /home/brayan/com_bebop_ws/src/ros2_parrot_arsdk/build/parrot_arsdk/out/arsdk-native/build/libARSAL/obj/Sources/ARSAL_Time.c.o
 .debug_info    0x000000000000524e      0x31a /home/brayan/com_bebop_ws/src/ros2_parrot_arsdk/build/parrot_arsdk/out/arsdk-native/build/libARSAL/obj/Sources/ARSAL_Thread.c.o
 .debug_info    0x0000000000005568      0x597 /home/brayan/com_bebop_ws/src/ros2_parrot_arsdk/build/parrot_arsdk/out/arsdk-native/build/libARSAL/obj/Sources/md5.c.o
 .debug_info    0x0000000000005aff      0x105 /home/brayan/com_bebop_ws/src/ros2_parrot_arsdk/build/parrot_arsdk/out/arsdk-native/build/libARSAL/obj/gen/Sources/ARSAL_Error.c.o

.debug_abbrev   0x0000000000000000     0x17a5
 *(.debug_abbrev)
 .debug_abbrev  0x0000000000000000      0x166 /home/brayan/com_bebop_ws/src/ros2_parrot_arsdk/build/parrot_arsdk/out/arsdk-native/build/libARSAL/obj/Sources/ARSAL_Ftw.c.o
 .debug_abbrev  0x0000000000000166      0x34c /home/brayan/com_bebop_ws/src/ros2_parrot_arsdk/build/parrot_arsdk/out/arsdk-native/build/libARSAL/obj/Sources/ARSAL_MD5.c.o
 .debug_abbrev  0x00000000000004b2      0x1da /home/brayan/com_bebop_ws/src/ros2_parrot_arsdk/build/parrot_arsdk/out/arsdk-native/build/libARSAL/obj/Sources/ARSAL_MD5_Manager.c.o
 .debug_abbrev  0x000000000000068c      0x241 /home/brayan/com_bebop_ws/src/ros2_parrot_arsdk/build/parrot_arsdk/out/arsdk-native/build/libARSAL/obj/Sources/ARSAL_Mutex.c.o
 .debug_abbrev  0x00000000000008cd      0x438 /home/brayan/com_bebop_ws/src/ros2_parrot_arsdk/build/parrot_arsdk/out/arsdk-native/build/libARSAL/obj/Sources/ARSAL_Print.c.o
 .debug_abbrev  0x0000000000000d05      0x23f /home/brayan/com_bebop_ws/src/ros2_parrot_arsdk/build/parrot_arsdk/out/arsdk-native/build/libARSAL/obj/Sources/ARSAL_Sem.c.o
 .debug_abbrev  0x0000000000000f44      0x285 /home/brayan/com_bebop_ws/src/ros2_parrot_arsdk/build/parrot_arsdk/out/arsdk-native/build/libARSAL/obj/Sources/ARSAL_Socket.c.o
 .debug_abbrev  0x00000000000011c9      0x1a7 /home/brayan/com_bebop_ws/src/ros2_parrot_arsdk/build/parrot_arsdk/out/arsdk-native/build/libARSAL/obj/Sources/ARSAL_Time.c.o
 .debug_abbrev  0x0000000000001370      0x1a0 /home/brayan/com_bebop_ws/src/ros2_parrot_arsdk/build/parrot_arsdk/out/arsdk-native/build/libARSAL/obj/Sources/ARSAL_Thread.c.o
 .debug_abbrev  0x0000000000001510      0x1f6 /home/brayan/com_bebop_ws/src/ros2_parrot_arsdk/build/parrot_arsdk/out/arsdk-native/build/libARSAL/obj/Sources/md5.c.o
 .debug_abbrev  0x0000000000001706       0x9f /home/brayan/com_bebop_ws/src/ros2_parrot_arsdk/build/parrot_arsdk/out/arsdk-native/build/libARSAL/obj/gen/Sources/ARSAL_Error.c.o

.debug_line     0x0000000000000000     0x2204
 *(.debug_line .debug_line.* .debug_line_end)
 .debug_line    0x0000000000000000       0x9f /home/brayan/com_bebop_ws/src/ros2_parrot_arsdk/build/parrot_arsdk/out/arsdk-native/build/libARSAL/obj/Sources/ARSAL_Ftw.c.o
 .debug_line    0x000000000000009f      0x314 /home/brayan/com_bebop_ws/src/ros2_parrot_arsdk/build/parrot_arsdk/out/arsdk-native/build/libARSAL/obj/Sources/ARSAL_MD5.c.o
 .debug_line    0x00000000000003b3      0x189 /home/brayan/com_bebop_ws/src/ros2_parrot_arsdk/build/parrot_arsdk/out/arsdk-native/build/libARSAL/obj/Sources/ARSAL_MD5_Manager.c.o
 .debug_line    0x000000000000053c      0x420 /home/brayan/com_bebop_ws/src/ros2_parrot_arsdk/build/parrot_arsdk/out/arsdk-native/build/libARSAL/obj/Sources/ARSAL_Mutex.c.o
 .debug_line    0x000000000000095c      0x551 /home/brayan/com_bebop_ws/src/ros2_parrot_arsdk/build/parrot_arsdk/out/arsdk-native/build/libARSAL/obj/Sources/ARSAL_Print.c.o
 .debug_line    0x0000000000000ead      0x39d /home/brayan/com_bebop_ws/src/ros2_parrot_arsdk/build/parrot_arsdk/out/arsdk-native/build/libARSAL/obj/Sources/ARSAL_Sem.c.o
 .debug_line    0x000000000000124a      0x43b /home/brayan/com_bebop_ws/src/ros2_parrot_arsdk/build/parrot_arsdk/out/arsdk-native/build/libARSAL/obj/Sources/ARSAL_Socket.c.o
 .debug_line    0x0000000000001685      0x258 /home/brayan/com_bebop_ws/src/ros2_parrot_arsdk/build/parrot_arsdk/out/arsdk-native/build/libARSAL/obj/Sources/ARSAL_Time.c.o
 .debug_line    0x00000000000018dd      0x126 /home/brayan/com_bebop_ws/src/ros2_parrot_arsdk/build/parrot_arsdk/out/arsdk-native/build/libARSAL/obj/Sources/ARSAL_Thread.c.o
 .debug_line    0x0000000000001a03      0x719 /home/brayan/com_bebop_ws/src/ros2_parrot_arsdk/build/parrot_arsdk/out/arsdk-native/build/libARSAL/obj/Sources/md5.c.o
 .debug_line    0x000000000000211c       0xe8 /home/brayan/com_bebop_ws/src/ros2_parrot_arsdk/build/parrot_arsdk/out/arsdk-native/build/libARSAL/obj/gen/Sources/ARSAL_Error.c.o

.debug_frame
 *(.debug_frame)

.debug_str      0x0000000000000000     0x1591
 *(.debug_str)
 .debug_str     0x0000000000000000     0x1591 /home/brayan/com_bebop_ws/src/ros2_parrot_arsdk/build/parrot_arsdk/out/arsdk-native/build/libARSAL/obj/Sources/ARSAL_Ftw.c.o
                                        0x35b (size before relaxing)
 .debug_str     0x0000000000001591      0x72f /home/brayan/com_bebop_ws/src/ros2_parrot_arsdk/build/parrot_arsdk/out/arsdk-native/build/libARSAL/obj/Sources/ARSAL_MD5.c.o
 .debug_str     0x0000000000001591      0x4e1 /home/brayan/com_bebop_ws/src/ros2_parrot_arsdk/build/parrot_arsdk/out/arsdk-native/build/libARSAL/obj/Sources/ARSAL_MD5_Manager.c.o
 .debug_str     0x0000000000001591      0x63b /home/brayan/com_bebop_ws/src/ros2_parrot_arsdk/build/parrot_arsdk/out/arsdk-native/build/libARSAL/obj/Sources/ARSAL_Mutex.c.o
 .debug_str     0x0000000000001591      0x7b8 /home/brayan/com_bebop_ws/src/ros2_parrot_arsdk/build/parrot_arsdk/out/arsdk-native/build/libARSAL/obj/Sources/ARSAL_Print.c.o
 .debug_str     0x0000000000001591      0x344 /home/brayan/com_bebop_ws/src/ros2_parrot_arsdk/build/parrot_arsdk/out/arsdk-native/build/libARSAL/obj/Sources/ARSAL_Sem.c.o
 .debug_str     0x0000000000001591      0x478 /home/brayan/com_bebop_ws/src/ros2_parrot_arsdk/build/parrot_arsdk/out/arsdk-native/build/libARSAL/obj/Sources/ARSAL_Socket.c.o
 .debug_str     0x0000000000001591      0x2fb /home/brayan/com_bebop_ws/src/ros2_parrot_arsdk/build/parrot_arsdk/out/arsdk-native/build/libARSAL/obj/Sources/ARSAL_Time.c.o
 .debug_str     0x0000000000001591      0x237 /home/brayan/com_bebop_ws/src/ros2_parrot_arsdk/build/parrot_arsdk/out/arsdk-native/build/libARSAL/obj/Sources/ARSAL_Thread.c.o
 .debug_str     0x0000000000001591      0x1ea /home/brayan/com_bebop_ws/src/ros2_parrot_arsdk/build/parrot_arsdk/out/arsdk-native/build/libARSAL/obj/Sources/md5.c.o
 .debug_str     0x0000000000001591      0x28c /home/brayan/com_bebop_ws/src/ros2_parrot_arsdk/build/parrot_arsdk/out/arsdk-native/build/libARSAL/obj/gen/Sources/ARSAL_Error.c.o

.debug_loc
 *(.debug_loc)

.debug_macinfo
 *(.debug_macinfo)

.debug_weaknames
 *(.debug_weaknames)

.debug_funcnames
 *(.debug_funcnames)

.debug_typenames
 *(.debug_typenames)

.debug_varnames
 *(.debug_varnames)

.debug_pubtypes
 *(.debug_pubtypes)

.debug_ranges
 *(.debug_ranges)

.debug_addr
 *(.debug_addr)

.debug_line_str
                0x0000000000000000      0x4ff
 *(.debug_line_str)
 .debug_line_str
                0x0000000000000000      0x4ff /home/brayan/com_bebop_ws/src/ros2_parrot_arsdk/build/parrot_arsdk/out/arsdk-native/build/libARSAL/obj/Sources/ARSAL_Ftw.c.o
                                        0x195 (size before relaxing)
 .debug_line_str
                0x00000000000004ff      0x222 /home/brayan/com_bebop_ws/src/ros2_parrot_arsdk/build/parrot_arsdk/out/arsdk-native/build/libARSAL/obj/Sources/ARSAL_MD5.c.o
 .debug_line_str
                0x00000000000004ff      0x1cc /home/brayan/com_bebop_ws/src/ros2_parrot_arsdk/build/parrot_arsdk/out/arsdk-native/build/libARSAL/obj/Sources/ARSAL_MD5_Manager.c.o
 .debug_line_str
                0x00000000000004ff      0x251 /home/brayan/com_bebop_ws/src/ros2_parrot_arsdk/build/parrot_arsdk/out/arsdk-native/build/libARSAL/obj/Sources/ARSAL_Mutex.c.o
 .debug_line_str
                0x00000000000004ff      0x243 /home/brayan/com_bebop_ws/src/ros2_parrot_arsdk/build/parrot_arsdk/out/arsdk-native/build/libARSAL/obj/Sources/ARSAL_Print.c.o
 .debug_line_str
                0x00000000000004ff      0x1f5 /home/brayan/com_bebop_ws/src/ros2_parrot_arsdk/build/parrot_arsdk/out/arsdk-native/build/libARSAL/obj/Sources/ARSAL_Sem.c.o
 .debug_line_str
                0x00000000000004ff      0x1f1 /home/brayan/com_bebop_ws/src/ros2_parrot_arsdk/build/parrot_arsdk/out/arsdk-native/build/libARSAL/obj/Sources/ARSAL_Socket.c.o
 .debug_line_str
                0x00000000000004ff      0x19b /home/brayan/com_bebop_ws/src/ros2_parrot_arsdk/build/parrot_arsdk/out/arsdk-native/build/libARSAL/obj/Sources/ARSAL_Time.c.o
 .debug_line_str
                0x00000000000004ff      0x19e /home/brayan/com_bebop_ws/src/ros2_parrot_arsdk/build/parrot_arsdk/out/arsdk-native/build/libARSAL/obj/Sources/ARSAL_Thread.c.o
 .debug_line_str
                0x00000000000004ff      0x145 /home/brayan/com_bebop_ws/src/ros2_parrot_arsdk/build/parrot_arsdk/out/arsdk-native/build/libARSAL/obj/Sources/md5.c.o
 .debug_line_str
                0x00000000000004ff      0x11e /home/brayan/com_bebop_ws/src/ros2_parrot_arsdk/build/parrot_arsdk/out/arsdk-native/build/libARSAL/obj/gen/Sources/ARSAL_Error.c.o

.debug_loclists
                0x0000000000000000     0x2942
 *(.debug_loclists)
 .debug_loclists
                0x0000000000000000       0xc9 /home/brayan/com_bebop_ws/src/ros2_parrot_arsdk/build/parrot_arsdk/out/arsdk-native/build/libARSAL/obj/Sources/ARSAL_Ftw.c.o
 .debug_loclists
                0x00000000000000c9      0x3e2 /home/brayan/com_bebop_ws/src/ros2_parrot_arsdk/build/parrot_arsdk/out/arsdk-native/build/libARSAL/obj/Sources/ARSAL_MD5.c.o
 .debug_loclists
                0x00000000000004ab      0x17f /home/brayan/com_bebop_ws/src/ros2_parrot_arsdk/build/parrot_arsdk/out/arsdk-native/build/libARSAL/obj/Sources/ARSAL_MD5_Manager.c.o
 .debug_loclists
                0x000000000000062a      0x2b5 /home/brayan/com_bebop_ws/src/ros2_parrot_arsdk/build/parrot_arsdk/out/arsdk-native/build/libARSAL/obj/Sources/ARSAL_Mutex.c.o
 .debug_loclists
                0x00000000000008df      0x754 /home/brayan/com_bebop_ws/src/ros2_parrot_arsdk/build/parrot_arsdk/out/arsdk-native/build/libARSAL/obj/Sources/ARSAL_Print.c.o
 .debug_loclists
                0x0000000000001033      0x2eb /home/brayan/com_bebop_ws/src/ros2_parrot_arsdk/build/parrot_arsdk/out/arsdk-native/build/libARSAL/obj/Sources/ARSAL_Sem.c.o
 .debug_loclists
                0x000000000000131e      0x8ed /home/brayan/com_bebop_ws/src/ros2_parrot_arsdk/build/parrot_arsdk/out/arsdk-native/build/libARSAL/obj/Sources/ARSAL_Socket.c.o
 .debug_loclists
                0x0000000000001c0b      0x1b1 /home/brayan/com_bebop_ws/src/ros2_parrot_arsdk/build/parrot_arsdk/out/arsdk-native/build/libARSAL/obj/Sources/ARSAL_Time.c.o
 .debug_loclists
                0x0000000000001dbc      0x16a /home/brayan/com_bebop_ws/src/ros2_parrot_arsdk/build/parrot_arsdk/out/arsdk-native/build/libARSAL/obj/Sources/ARSAL_Thread.c.o
 .debug_loclists
                0x0000000000001f26      0x9da /home/brayan/com_bebop_ws/src/ros2_parrot_arsdk/build/parrot_arsdk/out/arsdk-native/build/libARSAL/obj/Sources/md5.c.o
 .debug_loclists
                0x0000000000002900       0x42 /home/brayan/com_bebop_ws/src/ros2_parrot_arsdk/build/parrot_arsdk/out/arsdk-native/build/libARSAL/obj/gen/Sources/ARSAL_Error.c.o

.debug_macro
 *(.debug_macro)

.debug_names
 *(.debug_names)

.debug_rnglists
                0x0000000000000000      0x40f
 *(.debug_rnglists)
 .debug_rnglists
                0x0000000000000000       0x21 /home/brayan/com_bebop_ws/src/ros2_parrot_arsdk/build/parrot_arsdk/out/arsdk-native/build/libARSAL/obj/Sources/ARSAL_Ftw.c.o
 .debug_rnglists
                0x0000000000000021       0x52 /home/brayan/com_bebop_ws/src/ros2_parrot_arsdk/build/parrot_arsdk/out/arsdk-native/build/libARSAL/obj/Sources/ARSAL_MD5.c.o
 .debug_rnglists
                0x0000000000000073       0x35 /home/brayan/com_bebop_ws/src/ros2_parrot_arsdk/build/parrot_arsdk/out/arsdk-native/build/libARSAL/obj/Sources/ARSAL_MD5_Manager.c.o
 .debug_rnglists
                0x00000000000000a8       0x7c /home/brayan/com_bebop_ws/src/ros2_parrot_arsdk/build/parrot_arsdk/out/arsdk-native/build/libARSAL/obj/Sources/ARSAL_Mutex.c.o
 .debug_rnglists
                0x0000000000000124       0xb0 /home/brayan/com_bebop_ws/src/ros2_parrot_arsdk/build/parrot_arsdk/out/arsdk-native/build/libARSAL/obj/Sources/ARSAL_Print.c.o
 .debug_rnglists
                0x00000000000001d4       0x55 /home/brayan/com_bebop_ws/src/ros2_parrot_arsdk/build/parrot_arsdk/out/arsdk-native/build/libARSAL/obj/Sources/ARSAL_Sem.c.o
 .debug_rnglists
                0x0000000000000229       0xa3 /home/brayan/com_bebop_ws/src/ros2_parrot_arsdk/build/parrot_arsdk/out/arsdk-native/build/libARSAL/obj/Sources/ARSAL_Socket.c.o
 .debug_rnglists
                0x00000000000002cc       0x4a /home/brayan/com_bebop_ws/src/ros2_parrot_arsdk/build/parrot_arsdk/out/arsdk-native/build/libARSAL/obj/Sources/ARSAL_Time.c.o
 .debug_rnglists
                0x0000000000000316       0x2b /home/brayan/com_bebop_ws/src/ros2_parrot_arsdk/build/parrot_arsdk/out/arsdk-native/build/libARSAL/obj/Sources/ARSAL_Thread.c.o
 .debug_rnglists
                0x0000000000000341       0xb6 /home/brayan/com_bebop_ws/src/ros2_parrot_arsdk/build/parrot_arsdk/out/arsdk-native/build/libARSAL/obj/Sources/md5.c.o
 .debug_rnglists
                0x00000000000003f7       0x18 /home/brayan/com_bebop_ws/src/ros2_parrot_arsdk/build/parrot_arsdk/out/arsdk-native/build/libARSAL/obj/gen/Sources/ARSAL_Error.c.o

.debug_str_offsets
 *(.debug_str_offsets)

.debug_sup
 *(.debug_sup)

.gnu.attributes
 *(.gnu.attributes)

/DISCARD/
 *(.note.GNU-stack)
 *(.gnu_debuglink)
 *(.gnu.lto_*)
OUTPUT(out/arsdk-native/build/libARSAL/libarsal.so elf64-x86-64)
